Microchip MPLAB XC8 PIC(R) Assembler V2.30

Linker command line:

-W-3 --edf=C:\Program Files\Microchip\xc8\v2.30\pic\dat\en_msgs.txt -cs \
  -h+dist/default/debug\MicroprocessorsLab.debug.sym \
  --cmf=dist/default/debug\MicroprocessorsLab.debug.cmf -z -Q18F87K22 \
  -oC:\Users\an1519\AppData\Local\Temp\s7ikx2 -ver=XC8 PIC(R) Assembler \
  -Moutput.map -E1 --acfsm=1493 -ACODE=00h-01FFFFh -ACONST=00h-01FFFFh \
  -ASMALLCONST=01000h-010FFhx496 \
  -AMEDIUMCONST=01000h-0FFFFh,011000h-01FFFFh -ACOMRAM=00h-05Fh \
  -AABS1=00h-0F15h -ABIGRAM=00h-0F15h \
  -ARAM=060h-0FFh,0100h-01FFhx14,0F00h-0F15h -ABANK0=060h-0FFh \
  -ABANK1=0100h-01FFh -ABANK2=0200h-02FFh -ABANK3=0300h-03FFh \
  -ABANK4=0400h-04FFh -ABANK5=0500h-05FFh -ABANK6=0600h-06FFh \
  -ABANK7=0700h-07FFh -ABANK8=0800h-08FFh -ABANK9=0900h-09FFh \
  -ABANK10=0A00h-0AFFh -ABANK11=0B00h-0BFFh -ABANK12=0C00h-0CFFh \
  -ABANK13=0D00h-0DFFh -ABANK14=0E00h-0EFFh -ABANK15=0F00h-0F15h \
  -ASFR=0F16h-0F5Fh,0F60h-0FFFh -AIDLOC=0200000h-0200007h \
  -AEEDATA=0F00000h-0F003FFh build/default/debug/config.o \
  build/default/debug/main.o build/default/debug/KPD.o \
  build/default/debug/LCD.o build/default/debug/Multi.o \
  build/default/debug/PIR.o build/default/debug/Siren.o \
  build/default/debug/UART.o build/default/debug/EEPROM.o \
  build/default/debug/Prompts.o build/default/debug/DAC_Interrupt.o \
  build/default/debug/ADC.o 

Object code version is 3.11

Machine type is 18F87K22



                Name                               Link     Load   Length Selector   Space Scale
build/default/debug/config.o
                config                           300000   300000        E        0       4
build/default/debug/main.o
                data                              1FA1E    1FA1E        E     FD0F       0
                code                                  0        0      30E        0       0
                udata_bank4                         400      400       80      400       1
                udata_acs                             0        0        C        0       1
build/default/debug/KPD.o
                kpd_code                          1FCA6    1FCA6       F8    1FCA6       0
                data                              1FA2C    1FA2C       14     FD16       0
                udata_acs                             C        C        B        0       1
build/default/debug/LCD.o
                lcd_code                          1FEB8    1FEB8      148    1FEB8       0
                udata_acs_ovr                        25       25        1        0       1
                udata_acs                            1C       1C        5        0       1
build/default/debug/Multi.o
                multi_code                        1FB88    1FB88       84    1FB88       0
build/default/debug/PIR.o
                PIR_code                          1FA14    1FA14        A    1FA14       0
build/default/debug/Siren.o
                Siren_code                        1FA40    1FA40       22    1FA40       0
build/default/debug/UART.o
                uart_code                         1FA62    1FA62       28    1FA62       0
                udata_acs                            24       24        1        0       1
build/default/debug/EEPROM.o
                eeprom_code                       1FB20    1FB20       68    1FB20       0
                udata_acs                            17       17        5        0       1
build/default/debug/Prompts.o
                prompt_code                       1FD9E    1FD9E      11A    1FD9E       0
                data                              1FC0C    1FC0C       9A     FE06       0
                udata_bank5                         500      500       80      500       1
                udata_acs                            21       21        2        0       1
build/default/debug/DAC_Interrupt.o
                dac_code                          1FA8A    1FA8A       46    1FA8A       0
                udata_acs                            23       23        1        0       1
build/default/debug/ADC.o
                adc_code                          1FAD0    1FAD0       50    1FAD0       0

TOTAL           Name                               Link     Load   Length     Space
        CLASS   CODE           
                code                                  0        0      30E         0
                kpd_code                          1FCA6    1FCA6       F8         0
                lcd_code                          1FEB8    1FEB8      148         0
                multi_code                        1FB88    1FB88       84         0
                PIR_code                          1FA14    1FA14        A         0
                Siren_code                        1FA40    1FA40       22         0
                uart_code                         1FA62    1FA62       28         0
                eeprom_code                       1FB20    1FB20       68         0
                prompt_code                       1FD9E    1FD9E      11A         0
                dac_code                          1FA8A    1FA8A       46         0
                adc_code                          1FAD0    1FAD0       50         0

        CLASS   CONST          
                data                              1FA1E    1FA1E        E         0
                data                              1FA2C    1FA2C       14         0
                data                              1FC0C    1FC0C       9A         0

        CLASS   SMALLCONST     

        CLASS   MEDIUMCONST    

        CLASS   COMRAM         
                udata_acs                             0        0        C         1
                udata_acs                             C        C        B         1
                udata_acs_ovr                        25       25        1         1
                udata_acs                            1C       1C        5         1
                udata_acs                            24       24        1         1
                udata_acs                            17       17        5         1
                udata_acs                            21       21        2         1
                udata_acs                            23       23        1         1

        CLASS   ABS1           

        CLASS   BIGRAM         

        CLASS   RAM            

        CLASS   BANK0          

        CLASS   BANK1          

        CLASS   BANK2          

        CLASS   BANK3          

        CLASS   BANK4          
                udata_bank4                         400      400       80         1

        CLASS   BANK5          
                udata_bank5                         500      500       80         1

        CLASS   BANK6          

        CLASS   BANK7          

        CLASS   BANK8          

        CLASS   BANK9          

        CLASS   BANK10         

        CLASS   BANK11         

        CLASS   BANK12         

        CLASS   BANK13         

        CLASS   BANK14         

        CLASS   BANK15         

        CLASS   SFR            

        CLASS   IDLOC          

        CLASS   EEDATA         

        CLASS   CONFIG         
                config                           300000   300000        E         4



SEGMENTS        Name                           Load    Length   Top    Selector   Space  Class

                udata_acs                      000000  000026  000026         0       1  COMRAM  
                udata_bank4                    000400  000080  000480       400       1  BANK4   
                udata_bank5                    000500  000080  000580       500       1  BANK5   
                PIR_code                       01FA14  00000A  01FA1E     1FA14       0  CODE    
                data%405                       01FA1E  00000E  01FA2C      FD0F       0  CONST   
                data%404                       01FA2C  000014  01FA40      FD16       0  CONST   
                Siren_code                     01FA40  000022  01FA62     1FA40       0  CODE    
                uart_code                      01FA62  000028  01FA8A     1FA62       0  CODE    
                dac_code                       01FA8A  000046  01FAD0     1FA8A       0  CODE    
                adc_code                       01FAD0  000050  01FB20     1FAD0       0  CODE    
                eeprom_code                    01FB20  000068  01FB88     1FB20       0  CODE    
                multi_code                     01FB88  000084  01FC0C     1FB88       0  CODE    
                data                           01FC0C  00009A  01FCA6      FE06       0  CONST   
                kpd_code                       01FCA6  0000F8  01FD9E     1FCA6       0  CODE    
                prompt_code                    01FD9E  00011A  01FEB8     1FD9E       0  CODE    
                lcd_code                       01FEB8  000148  020000     1FEB8       0  CODE    


UNUSED ADDRESS RANGES

        Name                Unused          Largest block    Delta
        BANK0            000060-0000FF               A0
        BANK1            000100-0001FF              100
        BANK10           000A00-000AFF              100
        BANK11           000B00-000BFF              100
        BANK12           000C00-000CFF              100
        BANK13           000D00-000DFF              100
        BANK14           000E00-000EFF              100
        BANK15           000F00-000F15               16
        BANK2            000200-0002FF              100
        BANK3            000300-0003FF              100
        BANK4            000480-0004FF               80
        BANK5            000580-0005FF               80
        BANK6            000600-0006FF              100
        BANK7            000700-0007FF              100
        BANK8            000800-0008FF              100
        BANK9            000900-0009FF              100
        BIGRAM           00030E-000F15              C08
        CODE             00030E-01FA13            1F706
        COMRAM           000026-00005F               3A
        CONST            00030E-01FA13            1F706
        EEDATA           F00000-F003FF              400
        IDLOC            200000-200007                8
        MEDIUMCONST      001000-00FFFF             F000
                         011000-01FA13             EA14
        RAM              000060-0003FF              100
                         000480-0004FF               80
                         000580-000F15              100
        SFR              000F16-000FFF               4A
        SMALLCONST       001000-01FA13              100

                                  Symbol Table

AA                    prompt_code   01FE54
ADC_Read              adc_code      01FB18
ADC_Setup             adc_code      01FAD0
ADC_Setup1            adc_code      01FAE8
ADC_Setup2            adc_code      01FB00
AO                    prompt_code   01FDD2
DAC_Int_Hi            dac_code      01FA8A
DAC_Setup             dac_code      01FAAA
DATA_EE_ADDR          udata_acs     000018
DATA_EE_ADDRH         udata_acs     000017
DATA_EE_DATA          udata_acs     000019
Decode_r              udata_acs     000011
EEPROM_Read           eeprom_code   01FB4C
EEPROM_Refresh        eeprom_code   01FB60
EEPROM_Write          eeprom_code   01FB26
EP                    prompt_code   01FDB8
KPD_READ              kpd_code      01FCD2
LCD_Clear             lcd_code      01FF8E
LCD_Setup             lcd_code      01FEB8
LCD_Shift             lcd_code      01FFA8
LCD_Write_Hex         lcd_code      01FFE2
LCD_Write_Message     lcd_code      01FF0E
LCD_Write_Message2    lcd_code      01FF1E
LCD_delay_ms          lcd_code      01FFB6
Multiply_16bit        multi_code    01FB88
Multiply_824bit       multi_code    01FBD8
PIR_Setup             PIR_code      01FA14
Password_Counter      udata_acs     00001A
Password_Counter2     udata_acs     00001B
Password_Setup        eeprom_code   01FB20
S                     prompt_code   01FE06
SO                    prompt_code   01FDEC
SP                    prompt_code   01FD9E
SecurityON            prompt_code   01FE9E
Siren_Setup           Siren_code    01FA40
Siren_sound           Siren_code    01FA4A
UART_Setup            uart_code     01FA62
UART_Transmit_Byte    uart_code     01FA82
UART_Transmit_Message uart_code     01FA74
WM                    prompt_code   01FE20
WP                    prompt_code   01FE3A
Welcome               prompt_code   01FE98
__HPIR_code           PIR_code      000000
__HSiren_code         Siren_code    000000
__Hadc_code           adc_code      000000
__Hcode               code          000000
__Hconfig             config        30000E
__Hdac_code           dac_code      000000
__Hdata               data          000000
__Hedata              edata         000000
__Heeprom_code        eeprom_code   000000
__Hkpd_code           kpd_code      000000
__Hlcd_code           lcd_code      000000
__Hmulti_acs          multi_acs     000000
__Hmulti_code         multi_code    000000
__Hprompt_code        prompt_code   000000
__Hspace_0            (abs)         020000
__Hspace_1            (abs)         000580
__Hspace_3            (abs)         000000
__Hspace_4            (abs)         60000E
__Huart_code          uart_code     000000
__Hudata              udata         000000
__Hudata_acs          udata_acs     000000
__Hudata_acs_ovr      udata_acs_ovr 000026
__Hudata_bank0        udata_bank0   000000
__Hudata_bank1        udata_bank1   000000
__Hudata_bank10       udata_bank10  000000
__Hudata_bank11       udata_bank11  000000
__Hudata_bank12       udata_bank12  000000
__Hudata_bank13       udata_bank13  000000
__Hudata_bank14       udata_bank14  000000
__Hudata_bank15       udata_bank15  000000
__Hudata_bank2        udata_bank2   000000
__Hudata_bank3        udata_bank3   000000
__Hudata_bank4        udata_bank4   000000
__Hudata_bank5        udata_bank5   000000
__Hudata_bank6        udata_bank6   000000
__Hudata_bank7        udata_bank7   000000
__Hudata_bank8        udata_bank8   000000
__Hudata_bank9        udata_bank9   000000
__LPIR_code           PIR_code      000000
__LSiren_code         Siren_code    000000
__Ladc_code           adc_code      000000
__Lcode               code          000000
__Lconfig             config        000000
__Ldac_code           dac_code      000000
__Ldata               data          000000
__Ledata              edata         000000
__Leeprom_code        eeprom_code   000000
__Lkpd_code           kpd_code      000000
__Llcd_code           lcd_code      000000
__Lmulti_acs          multi_acs     000000
__Lmulti_code         multi_code    000000
__Lprompt_code        prompt_code   000000
__Lspace_0            (abs)         000000
__Lspace_1            (abs)         000000
__Lspace_3            (abs)         000000
__Lspace_4            (abs)         000000
__Luart_code          uart_code     000000
__Ludata              udata         000000
__Ludata_acs          udata_acs     000000
__Ludata_acs_ovr      udata_acs_ovr 000025
__Ludata_bank0        udata_bank0   000000
__Ludata_bank1        udata_bank1   000000
__Ludata_bank10       udata_bank10  000000
__Ludata_bank11       udata_bank11  000000
__Ludata_bank12       udata_bank12  000000
__Ludata_bank13       udata_bank13  000000
__Ludata_bank14       udata_bank14  000000
__Ludata_bank15       udata_bank15  000000
__Ludata_bank2        udata_bank2   000000
__Ludata_bank3        udata_bank3   000000
__Ludata_bank4        udata_bank4   000000
__Ludata_bank5        udata_bank5   000000
__Ludata_bank6        udata_bank6   000000
__Ludata_bank7        udata_bank7   000000
__Ludata_bank8        udata_bank8   000000
__Ludata_bank9        udata_bank9   000000
__S0                  (abs)         020000
__S1                  (abs)         000580
__S3                  (abs)         000000
depressed             udata_acs     000014
pass_set              udata_acs     000015
previous_pressed      udata_acs     000016
write_var             udata_acs     000013
