Microchip MPLAB XC8 PIC(R) Assembler V2.30

Linker command line:

-W-3 --edf=C:\Program Files\Microchip\xc8\v2.30\pic\dat\en_msgs.txt -cs \
  -h+dist/default/debug\MicroprocessorsLab.debug.sym \
  --cmf=dist/default/debug\MicroprocessorsLab.debug.cmf -z -Q18F87K22 \
  -oC:\Users\an1519\AppData\Local\Temp\s79cx2 -ver=XC8 PIC(R) Assembler \
  -Moutput.map -E1 --acfsm=1493 -ACODE=00h-01FFFFh -ACONST=00h-01FFFFh \
  -ASMALLCONST=01000h-010FFhx496 \
  -AMEDIUMCONST=01000h-0FFFFh,011000h-01FFFFh -ACOMRAM=00h-05Fh \
  -AABS1=00h-0F15h -ABIGRAM=00h-0F15h \
  -ARAM=060h-0FFh,0100h-01FFhx14,0F00h-0F15h -ABANK0=060h-0FFh \
  -ABANK1=0100h-01FFh -ABANK2=0200h-02FFh -ABANK3=0300h-03FFh \
  -ABANK4=0400h-04FFh -ABANK5=0500h-05FFh -ABANK6=0600h-06FFh \
  -ABANK7=0700h-07FFh -ABANK8=0800h-08FFh -ABANK9=0900h-09FFh \
  -ABANK10=0A00h-0AFFh -ABANK11=0B00h-0BFFh -ABANK12=0C00h-0CFFh \
  -ABANK13=0D00h-0DFFh -ABANK14=0E00h-0EFFh -ABANK15=0F00h-0F15h \
  -ASFR=0F16h-0F5Fh,0F60h-0FFFh -AIDLOC=0200000h-0200007h \
  -AEEDATA=0F00000h-0F003FFh build/default/debug/config.o \
  build/default/debug/main.o build/default/debug/ACD.o \
  build/default/debug/KPD.o build/default/debug/LCD.o \
  build/default/debug/Multi.o build/default/debug/PIR.o \
  build/default/debug/Siren.o build/default/debug/UART.o \
  build/default/debug/EEPROM.o build/default/debug/Prompts.o 

Object code version is 3.11

Machine type is 18F87K22



                Name                               Link     Load   Length Selector   Space Scale
build/default/debug/config.o
                config                           300000   300000        E        0       4
build/default/debug/main.o
                data                              1FB8C    1FB8C        E     FDC6       0
                code                                  0        0       F0        0       0
                udata_bank4                         400      400       80      400       1
                udata_acs                            13       13        3        0       1
build/default/debug/ACD.o
                adc_code                          1FBAE    1FBAE       1E    1FBAE       0
build/default/debug/KPD.o
                kpd_code                          1FDC4    1FDC4       F4    1FDC4       0
                data                              1FB9A    1FB9A       14     FDCD       0
                udata_acs                             0        0        A        0       1
build/default/debug/LCD.o
                lcd_code                          1FEB8    1FEB8      148    1FEB8       0
                udata_acs_ovr                        19       19        1        0       1
                udata_acs                             A        A        5        0       1
build/default/debug/Multi.o
                multi_code                        1FCA2    1FCA2       84    1FCA2       0
build/default/debug/PIR.o
                PIR_code                          1FB82    1FB82        A    1FB82       0
build/default/debug/Siren.o
                Siren_code                        1FBCC    1FBCC       22    1FBCC       0
build/default/debug/UART.o
                uart_code                         1FBEE    1FBEE       28    1FBEE       0
                udata_acs                            18       18        1        0       1
build/default/debug/EEPROM.o
                eeprom_code                       1FC16    1FC16       42    1FC16       0
                udata_acs                             F        F        4        0       1
build/default/debug/Prompts.o
                prompt_code                       1FD26    1FD26       9E    1FD26       0
                data                              1FC58    1FC58       4A     FE2C       0
                udata_bank5                         500      500       80      500       1
                udata_acs                            16       16        2        0       1

TOTAL           Name                               Link     Load   Length     Space
        CLASS   CODE           
                code                                  0        0       F0         0
                adc_code                          1FBAE    1FBAE       1E         0
                kpd_code                          1FDC4    1FDC4       F4         0
                lcd_code                          1FEB8    1FEB8      148         0
                multi_code                        1FCA2    1FCA2       84         0
                PIR_code                          1FB82    1FB82        A         0
                Siren_code                        1FBCC    1FBCC       22         0
                uart_code                         1FBEE    1FBEE       28         0
                eeprom_code                       1FC16    1FC16       42         0
                prompt_code                       1FD26    1FD26       9E         0

        CLASS   CONST          
                data                              1FB8C    1FB8C        E         0
                data                              1FB9A    1FB9A       14         0
                data                              1FC58    1FC58       4A         0

        CLASS   SMALLCONST     

        CLASS   MEDIUMCONST    

        CLASS   COMRAM         
                udata_acs                            13       13        3         1
                udata_acs                             0        0        A         1
                udata_acs_ovr                        19       19        1         1
                udata_acs                             A        A        5         1
                udata_acs                            18       18        1         1
                udata_acs                             F        F        4         1
                udata_acs                            16       16        2         1

        CLASS   ABS1           

        CLASS   BIGRAM         

        CLASS   RAM            

        CLASS   BANK0          

        CLASS   BANK1          

        CLASS   BANK2          

        CLASS   BANK3          

        CLASS   BANK4          
                udata_bank4                         400      400       80         1

        CLASS   BANK5          
                udata_bank5                         500      500       80         1

        CLASS   BANK6          

        CLASS   BANK7          

        CLASS   BANK8          

        CLASS   BANK9          

        CLASS   BANK10         

        CLASS   BANK11         

        CLASS   BANK12         

        CLASS   BANK13         

        CLASS   BANK14         

        CLASS   BANK15         

        CLASS   SFR            

        CLASS   IDLOC          

        CLASS   EEDATA         

        CLASS   CONFIG         
                config                           300000   300000        E         4



SEGMENTS        Name                           Load    Length   Top    Selector   Space  Class

                udata_acs                      000000  00001A  00001A         0       1  COMRAM  
                udata_bank4                    000400  000080  000480       400       1  BANK4   
                udata_bank5                    000500  000080  000580       500       1  BANK5   
                PIR_code                       01FB82  00000A  01FB8C     1FB82       0  CODE    
                data%370                       01FB8C  00000E  01FB9A      FDC6       0  CONST   
                data%369                       01FB9A  000014  01FBAE      FDCD       0  CONST   
                adc_code                       01FBAE  00001E  01FBCC     1FBAE       0  CODE    
                Siren_code                     01FBCC  000022  01FBEE     1FBCC       0  CODE    
                uart_code                      01FBEE  000028  01FC16     1FBEE       0  CODE    
                eeprom_code                    01FC16  000042  01FC58     1FC16       0  CODE    
                data                           01FC58  00004A  01FCA2      FE2C       0  CONST   
                multi_code                     01FCA2  000084  01FD26     1FCA2       0  CODE    
                prompt_code                    01FD26  00009E  01FDC4     1FD26       0  CODE    
                kpd_code                       01FDC4  0000F4  01FEB8     1FDC4       0  CODE    
                lcd_code                       01FEB8  000148  020000     1FEB8       0  CODE    


UNUSED ADDRESS RANGES

        Name                Unused          Largest block    Delta
        BANK0            000060-0000FF               A0
        BANK1            000100-0001FF              100
        BANK10           000A00-000AFF              100
        BANK11           000B00-000BFF              100
        BANK12           000C00-000CFF              100
        BANK13           000D00-000DFF              100
        BANK14           000E00-000EFF              100
        BANK15           000F00-000F15               16
        BANK2            000200-0002FF              100
        BANK3            000300-0003FF              100
        BANK4            000480-0004FF               80
        BANK5            000580-0005FF               80
        BANK6            000600-0006FF              100
        BANK7            000700-0007FF              100
        BANK8            000800-0008FF              100
        BANK9            000900-0009FF              100
        BIGRAM           0000F0-000F15              E26
        CODE             0000F0-01FB81            1FA92
        COMRAM           00001A-00005F               46
        CONST            0000F0-01FB81            1FA92
        EEDATA           F00000-F003FF              400
        IDLOC            200000-200007                8
        MEDIUMCONST      001000-00FFFF             F000
                         011000-01FB81             EB82
        RAM              000060-0003FF              100
                         000480-0004FF               80
                         000580-000F15              100
        SFR              000F16-000FFF               4A
        SMALLCONST       001000-01FB81              100

                                  Symbol Table

ADC_Read              adc_code      01FBC4
ADC_Setup             adc_code      01FBAE
AO                    prompt_code   01FD5A
DATA_EE_ADDR          udata_acs     000010
DATA_EE_ADDRH         udata_acs     00000F
DATA_EE_DATA          udata_acs     000011
Decode_r              udata_acs     000005
EEPROM_Read           eeprom_code   01FC46
EEPROM_Write          eeprom_code   01FC20
EP                    prompt_code   01FD40
KPD_READ              kpd_code      01FDF0
LCD_Clear             lcd_code      01FF8E
LCD_Setup             lcd_code      01FEB8
LCD_Shift             lcd_code      01FFA8
LCD_Write_Hex         lcd_code      01FFE2
LCD_Write_Message     lcd_code      01FF0E
LCD_Write_Message2    lcd_code      01FF1E
LCD_delay_ms          lcd_code      01FFB6
Multiply_16bit        multi_code    01FCA2
Multiply_824bit       multi_code    01FCF2
PIR_Setup             PIR_code      01FB82
Password_Counter      udata_acs     000012
Password_Setup        eeprom_code   01FC16
S                     prompt_code   01FD8E
SO                    prompt_code   01FD74
SP                    prompt_code   01FD26
Siren_Setup           Siren_code    01FBCC
Siren_sound           Siren_code    01FBD6
UART_Setup            uart_code     01FBEE
UART_Transmit_Byte    uart_code     01FC0E
UART_Transmit_Message uart_code     01FC00
Welcome               prompt_code   01FDBE
__HPIR_code           PIR_code      000000
__HSiren_code         Siren_code    000000
__Hadc_code           adc_code      000000
__Hcode               code          000000
__Hconfig             config        30000E
__Hdata               data          000000
__Hedata              edata         000000
__Heeprom_code        eeprom_code   000000
__Hkpd_code           kpd_code      000000
__Hlcd_code           lcd_code      000000
__Hmulti_acs          multi_acs     000000
__Hmulti_code         multi_code    000000
__Hprompt_code        prompt_code   000000
__Hspace_0            (abs)         020000
__Hspace_1            (abs)         000580
__Hspace_3            (abs)         000000
__Hspace_4            (abs)         60000E
__Huart_code          uart_code     000000
__Hudata              udata         000000
__Hudata_acs          udata_acs     000000
__Hudata_acs_ovr      udata_acs_ovr 00001A
__Hudata_bank0        udata_bank0   000000
__Hudata_bank1        udata_bank1   000000
__Hudata_bank10       udata_bank10  000000
__Hudata_bank11       udata_bank11  000000
__Hudata_bank12       udata_bank12  000000
__Hudata_bank13       udata_bank13  000000
__Hudata_bank14       udata_bank14  000000
__Hudata_bank15       udata_bank15  000000
__Hudata_bank2        udata_bank2   000000
__Hudata_bank3        udata_bank3   000000
__Hudata_bank4        udata_bank4   000000
__Hudata_bank5        udata_bank5   000000
__Hudata_bank6        udata_bank6   000000
__Hudata_bank7        udata_bank7   000000
__Hudata_bank8        udata_bank8   000000
__Hudata_bank9        udata_bank9   000000
__LPIR_code           PIR_code      000000
__LSiren_code         Siren_code    000000
__Ladc_code           adc_code      000000
__Lcode               code          000000
__Lconfig             config        000000
__Ldata               data          000000
__Ledata              edata         000000
__Leeprom_code        eeprom_code   000000
__Lkpd_code           kpd_code      000000
__Llcd_code           lcd_code      000000
__Lmulti_acs          multi_acs     000000
__Lmulti_code         multi_code    000000
__Lprompt_code        prompt_code   000000
__Lspace_0            (abs)         000000
__Lspace_1            (abs)         000000
__Lspace_3            (abs)         000000
__Lspace_4            (abs)         000000
__Luart_code          uart_code     000000
__Ludata              udata         000000
__Ludata_acs          udata_acs     000000
__Ludata_acs_ovr      udata_acs_ovr 000019
__Ludata_bank0        udata_bank0   000000
__Ludata_bank1        udata_bank1   000000
__Ludata_bank10       udata_bank10  000000
__Ludata_bank11       udata_bank11  000000
__Ludata_bank12       udata_bank12  000000
__Ludata_bank13       udata_bank13  000000
__Ludata_bank14       udata_bank14  000000
__Ludata_bank15       udata_bank15  000000
__Ludata_bank2        udata_bank2   000000
__Ludata_bank3        udata_bank3   000000
__Ludata_bank4        udata_bank4   000000
__Ludata_bank5        udata_bank5   000000
__Ludata_bank6        udata_bank6   000000
__Ludata_bank7        udata_bank7   000000
__Ludata_bank8        udata_bank8   000000
__Ludata_bank9        udata_bank9   000000
__S0                  (abs)         020000
__S1                  (abs)         000580
__S3                  (abs)         000000
depressed             udata_acs     000008
pass_set              udata_acs     000009
write_var             udata_acs     000007
